// test int in comment

INT main() {
    RETURN 0;
}
